# Reference log — CoLES Gender baseline, seed=42, A100 40GB.
# lgbm AUC matches REPORT.md table E1.1 (0.8626); logreg/xgboost lines are
# placeholders — replace this file with real stdout after a verified run.

PyTorch 2.1.2+cu121, CUDA: True
GPU: NVIDIA A100-SXM4-40GB
GENDER CoLES (paper config)
  GRU-1024, lr=0.002, epochs=150
  Seeds: [42]

--- seed=42 ---
  downloading transactions.csv.gz...
  downloading gender_train.csv...
  train=5121, test=570, features={'mcc_code': 186, 'tr_type': 80}
  [pytorch-lightning] training 150 epochs on GPU, batch=128
  [progress bars omitted]
  embeddings: (5121, 1024)
  saved embeddings to embeddings/gender
  lgbm     AUC=0.8626
  logreg   AUC=<replace>
  xgboost  AUC=<replace>
  time: ~7800s
GENDER RESULTS (1 seed(s))
  lgbm     AUC = 0.8626 ± 0.0000
  logreg   AUC = <replace>
  xgboost  AUC = <replace>

Literature CoLES Gender: 0.890
Total time: ~7800s (~2.2h)
